// Jest Snapshot v1, https://goo.gl/fbAQLP

exports[`Appnav renders a Snapshot without error 1`] = `
<div>
  <nav
    className="navbar-fixed navbar-inverse navbar navbar-default">
    <div
      className="container">
      <ul
        className="nav navbar-nav"
        role={null}>
        <li
          className=""
          role="presentation"
          style={undefined}>
          <a
            action="push"
            href="#"
            onClick={[Function]}
            role="button">
            <span
              className="navbar-logo">
              Money Plan
            </span>
          </a>
        </li>
        <li
          className="dropdown"
          style={undefined}>
          <a
            aria-expanded={false}
            aria-haspopup={true}
            className="dropdown-toggle"
            href="#"
            id="2-basic-nav-dropdown"
            onClick={[Function]}
            onKeyDown={[Function]}
            role="button">
            File
             
            <span
              className="caret" />
          </a>
          <ul
            aria-labelledby="2-basic-nav-dropdown"
            className="dropdown-menu"
            role="menu">
            <li
              className=""
              role="presentation"
              style={undefined}>
              <a
                action="push"
                href="#"
                onClick={[Function]}
                onKeyDown={[Function]}
                role="menuitem"
                tabIndex="-1">
                New
              </a>
            </li>
            <li
              className=""
              role="presentation"
              style={undefined}>
              <a
                action="push"
                href="#"
                onClick={[Function]}
                onKeyDown={[Function]}
                role="menuitem"
                tabIndex="-1">
                Open...
              </a>
            </li>
            <li
              className="divider"
              onKeyDown={[Function]}
              role="separator"
              style={undefined} />
            <li
              className=""
              role="presentation"
              style={undefined}>
              <a
                action="push"
                href="#"
                onClick={[Function]}
                onKeyDown={[Function]}
                role="menuitem"
                tabIndex="-1">
                Save
              </a>
            </li>
            <li
              className=""
              role="presentation"
              style={undefined}>
              <a
                action="push"
                href="#"
                onClick={[Function]}
                onKeyDown={[Function]}
                role="menuitem"
                tabIndex="-1">
                Save As...
              </a>
            </li>
            <li
              className="divider"
              onKeyDown={[Function]}
              role="separator"
              style={undefined} />
            <li
              className=""
              role="presentation"
              style={undefined}>
              <a
                action="push"
                href="#"
                onClick={[Function]}
                onKeyDown={[Function]}
                role="menuitem"
                tabIndex="-1">
                Close App
              </a>
            </li>
          </ul>
        </li>
        <li
          className="dropdown"
          style={undefined}>
          <a
            aria-expanded={false}
            aria-haspopup={true}
            className="dropdown-toggle"
            href="#"
            id="5-basic-nav-dropdown"
            onClick={[Function]}
            onKeyDown={[Function]}
            role="button">
            Tools
             
            <span
              className="caret" />
          </a>
          <ul
            aria-labelledby="5-basic-nav-dropdown"
            className="dropdown-menu"
            role="menu">
            <li
              className=""
              role="presentation"
              style={undefined}>
              <a
                action="push"
                href="#"
                onClick={[Function]}
                onKeyDown={[Function]}
                role="menuitem"
                tabIndex="-1">
                Request Trace...
              </a>
            </li>
            <li
              className="disabled"
              role="presentation"
              style={undefined}>
              <a
                action="push"
                href="#"
                onClick={[Function]}
                onKeyDown={[Function]}
                role="menuitem"
                tabIndex="-1">
                Read Trace Log
              </a>
            </li>
            <li
              className="divider"
              onKeyDown={[Function]}
              role="separator"
              style={undefined} />
            <li
              className="disabled"
              role="presentation"
              style={undefined}>
              <a
                action="push"
                href="#"
                onClick={[Function]}
                onKeyDown={[Function]}
                role="menuitem"
                tabIndex="-1">
                Read Error Log
              </a>
            </li>
          </ul>
        </li>
        <li
          className=""
          role="presentation"
          style={undefined}>
          <a
            action="push"
            href="#"
            onClick={[Function]}
            role="button">
            Plan View
          </a>
        </li>
        <li
          className=""
          role="presentation"
          style={undefined}>
          <a
            action="push"
            href="#"
            onClick={[Function]}
            role="button">
            Charts
          </a>
        </li>
        <li
          className="dropdown"
          style={undefined}>
          <a
            aria-expanded={false}
            aria-haspopup={true}
            className="dropdown-toggle"
            href="#"
            id="6-basic-nav-dropdown"
            onClick={[Function]}
            onKeyDown={[Function]}
            role="button">
            Help
             
            <span
              className="caret" />
          </a>
          <ul
            aria-labelledby="6-basic-nav-dropdown"
            className="dropdown-menu"
            role="menu">
            <li
              className=""
              role="presentation"
              style={undefined}>
              <a
                action="push"
                href="#"
                onClick={[Function]}
                onKeyDown={[Function]}
                role="menuitem"
                tabIndex="-1">
                Examples...
              </a>
            </li>
            <li
              className=""
              role="presentation"
              style={undefined}>
              <a
                action="push"
                href="#"
                onClick={[Function]}
                onKeyDown={[Function]}
                role="menuitem"
                tabIndex="-1">
                Documentation...
              </a>
            </li>
            <li
              className=""
              role="presentation"
              style={undefined}>
              <a
                action="push"
                href="#"
                onClick={[Function]}
                onKeyDown={[Function]}
                role="menuitem"
                tabIndex="-1">
                Read Me
              </a>
            </li>
            <li
              className="divider"
              onKeyDown={[Function]}
              role="separator"
              style={undefined} />
            <li
              className=""
              role="presentation"
              style={undefined}>
              <a
                action="push"
                href="#"
                onClick={[Function]}
                onKeyDown={[Function]}
                role="menuitem"
                tabIndex="-1">
                About Money Plan
              </a>
            </li>
          </ul>
        </li>
      </ul>
    </div>
  </nav>
</div>
`;
