// Jest Snapshot v1, https://goo.gl/fbAQLP

exports[`Plan Snapshot renders a Snapshot without error 1`] = `
Array [
  <Plan
    dataStore={
        Object {
            "planName": "Saving then retirement",
            "planObject": Object {
              "forecaster": Object {
                "accounts": Object {
                  "ObjectType": "accounts",
                  "account": Array [
                    Object {
                      "ObjectType": "account",
                      "assignedsourceranks": Object {
                        "ObjectType": "assignedsourceranks",
                        "assignedsourcerank": Array [
                          Object {
                            "ObjectType": "assignedsourcerank",
                            "assignedsourcerank": 1,
                            "assignedsourcerankyear": 2005,
                            "breadcrumbs": "forecaster.accounts.account.0.assignedsourceranks.assignedsourcerank.0",
                          },
                        ],
                        "breadcrumbs": "forecaster.accounts.account.0.assignedsourceranks",
                      },
                      "beneficiaries": Object {
                        "ObjectType": "beneficiaries",
                        "beneficiary": Array [
                          Object {
                            "ObjectType": "beneficiary",
                            "allocationpriority": 2,
                            "beneficiaryamount": 0,
                            "beneficiaryname": "Joan's Brokerage",
                            "beneficiarypercent": 1,
                            "breadcrumbs": "forecaster.accounts.account.0.beneficiaries.beneficiary.0",
                            "description": "",
                            "ignorenow": false,
                            "objectidstamp": 38446.5666427315,
                            "parenttitle": "Beneficiaries",
                            "sweepbalance": false,
                          },
                        ],
                        "breadcrumbs": "forecaster.accounts.account.0.beneficiaries",
                      },
                      "breadcrumbs": "forecaster.accounts.account.0",
                      "costbasis": 0,
                      "decisionrulesassetclassname": "",
                      "deposits": Object {
                        "ObjectType": "deposits",
                        "breadcrumbs": "forecaster.accounts.account.0.deposits",
                        "deposit": Array [
                          Object {
                            "ObjectType": "deposit",
                            "breadcrumbs": "forecaster.accounts.account.0.deposits.deposit.0",
                            "depositaddstocostbasis": false,
                            "depositamount": 5000,
                            "depositperiodyears": 20,
                            "depositstartyear": 2005,
                            "deposittoira": false,
                            "description": "Savings from after-tax earnings",
                            "ignorenow": false,
                            "indexrate": 0,
                            "instructioncycleyears": 0,
                            "objectidstamp": 38447.5666427315,
                            "parenttitle": "Deposits",
                            "showdescription": false,
                          },
                        ],
                      },
                      "description": "Joint asset",
                      "initialjointowner": "Harry Ayre",
                      "initialowner": "Joan Ayre",
                      "irrevocabletrust": false,
                      "jointtrustterminating": true,
                      "longtermcapitalgainpercentage": -1,
                      "marketsimulationassetclassname": "",
                      "midtermcapitalgainpercentage": 0,
                      "objectidstamp": 38445.5666427315,
                      "realizedgaindividendpercentage": -1,
                      "realizedgainlongtermpercentage": -1,
                      "realizedgainpercentage": -1,
                      "realizedgaintaxfreepercentage": -1,
                      "realizedgaintaxnormalpercentage": -1,
                      "shortfallpayoutrank": 2,
                      "specificfedtaxrateforthisaccount": -1,
                      "specificlongtermtaxrateforthisaccount": -1,
                      "specificroiforthisaccount": -1,
                      "specificsdforthisaccountroi": 0,
                      "specificstatetaxrateforthisaccount": -1,
                      "startingvalue": 150000,
                      "taxexemptfed": false,
                      "taxexemptstate": false,
                      "taxnormal": true,
                      "taxnormaldeferred": false,
                      "taxnormallongterm": false,
                      "taxnormallongtermrealizedgains": false,
                      "title": "Living Trust",
                      "totalbalanceisspentyearly": false,
                      "transfers": Object {
                        "ObjectType": "transfers",
                        "breadcrumbs": "forecaster.accounts.account.0.transfers",
                        "transfer": Array [
                          Object {
                            "ObjectType": "transfer",
                            "allocationpriority": 2,
                            "breadcrumbs": "forecaster.accounts.account.0.transfers.transfer.0",
                            "description": "",
                            "destinationtitle": "Bobby College Payments",
                            "distributionfromira": false,
                            "distributionhasnopenaltytax": false,
                            "dotransferbeforeearningscalc": false,
                            "ignorenow": false,
                            "indexrate": 0,
                            "instructioncycleyears": 0,
                            "irataxfromirafundsoption": false,
                            "irataxfromothersourceoption": false,
                            "irataxfromselectedaccountoption": false,
                            "irataxsourcetitle": "",
                            "irataxspecifiedtaxrate": 0,
                            "objectidstamp": 39180.8163888889,
                            "parenttitle": "Transfers",
                            "showdescription": false,
                            "sweepbalance": false,
                            "transferdeliveryamount": 0,
                            "transferincomeonly": false,
                            "transferpercent": -1,
                            "transferperiodyears": 4,
                            "transferstartyear": 2010,
                            "transferwithdrawalamount": 30000,
                          },
                          Object {
                            "ObjectType": "transfer",
                            "allocationpriority": 3,
                            "breadcrumbs": "forecaster.accounts.account.0.transfers.transfer.1",
                            "description": "",
                            "destinationtitle": "Billy College Payments",
                            "distributionfromira": false,
                            "distributionhasnopenaltytax": false,
                            "dotransferbeforeearningscalc": false,
                            "ignorenow": false,
                            "indexrate": 0,
                            "instructioncycleyears": 0,
                            "irataxfromirafundsoption": false,
                            "irataxfromothersourceoption": false,
                            "irataxfromselectedaccountoption": false,
                            "irataxsourcetitle": "",
                            "irataxspecifiedtaxrate": 0,
                            "objectidstamp": 39151.8484931944,
                            "parenttitle": "Transfers",
                            "showdescription": false,
                            "sweepbalance": false,
                            "transferdeliveryamount": 0,
                            "transferincomeonly": false,
                            "transferpercent": -1,
                            "transferperiodyears": 4,
                            "transferstartyear": 2012,
                            "transferwithdrawalamount": 30000,
                          },
                        ],
                      },
                      "withdrawalsforplanpayoutareunrestricted": true,
                      "withdrawalsforplanpayoutasspecified": false,
                      "withdrawalsforplanpayoutnotallowed": false,
                    },
                    Object {
                      "ObjectType": "account",
                      "assignedsourceranks": Object {
                        "ObjectType": "assignedsourceranks",
                        "assignedsourcerank": Array [
                          Object {
                            "ObjectType": "assignedsourcerank",
                            "assignedsourcerank": 3,
                            "assignedsourcerankyear": 2005,
                            "breadcrumbs": "forecaster.accounts.account.1.assignedsourceranks.assignedsourcerank.0",
                          },
                        ],
                        "breadcrumbs": "forecaster.accounts.account.1.assignedsourceranks",
                      },
                      "beneficiaries": Object {
                        "ObjectType": "beneficiaries",
                        "beneficiary": Array [
                          Object {
                            "ObjectType": "beneficiary",
                            "allocationpriority": 1,
                            "beneficiaryamount": 0,
                            "beneficiaryname": "Bobby Ayre",
                            "beneficiarypercent": 0.5,
                            "breadcrumbs": "forecaster.accounts.account.1.beneficiaries.beneficiary.0",
                            "description": "First beneficiary gets half of asset",
                            "ignorenow": false,
                            "objectidstamp": 38449.5666427315,
                            "parenttitle": "Beneficiaries",
                            "sweepbalance": false,
                          },
                          Object {
                            "ObjectType": "beneficiary",
                            "allocationpriority": 2,
                            "beneficiaryamount": 0,
                            "beneficiaryname": "Billy Ayre",
                            "beneficiarypercent": 0.5,
                            "breadcrumbs": "forecaster.accounts.account.1.beneficiaries.beneficiary.1",
                            "description": "Second beneficiary get all that is left, which is half of the original asset",
                            "ignorenow": false,
                            "objectidstamp": 38450.5666427315,
                            "parenttitle": "Beneficiaries",
                            "sweepbalance": false,
                          },
                        ],
                        "breadcrumbs": "forecaster.accounts.account.1.beneficiaries",
                      },
                      "breadcrumbs": "forecaster.accounts.account.1",
                      "costbasis": 0,
                      "decisionrulesassetclassname": "",
                      "description": "",
                      "initialjointowner": "",
                      "initialowner": "Joan Ayre",
                      "irrevocabletrust": false,
                      "jointtrustterminating": false,
                      "longtermcapitalgainpercentage": -1,
                      "marketsimulationassetclassname": "",
                      "midtermcapitalgainpercentage": 0,
                      "objectidstamp": 38448.5666427315,
                      "realizedgaindividendpercentage": -1,
                      "realizedgainlongtermpercentage": -1,
                      "realizedgainpercentage": -1,
                      "realizedgaintaxfreepercentage": -1,
                      "realizedgaintaxnormalpercentage": -1,
                      "shortfallpayoutrank": 3,
                      "specificfedtaxrateforthisaccount": -1,
                      "specificlongtermtaxrateforthisaccount": -1,
                      "specificroiforthisaccount": -1,
                      "specificsdforthisaccountroi": 0,
                      "specificstatetaxrateforthisaccount": -1,
                      "startingvalue": 68000,
                      "taxexemptfed": false,
                      "taxexemptstate": false,
                      "taxnormal": true,
                      "taxnormaldeferred": false,
                      "taxnormallongterm": false,
                      "taxnormallongtermrealizedgains": false,
                      "title": "Joan's Brokerage",
                      "totalbalanceisspentyearly": false,
                      "withdrawalsforplanpayoutareunrestricted": true,
                      "withdrawalsforplanpayoutasspecified": false,
                      "withdrawalsforplanpayoutnotallowed": false,
                    },
                    Object {
                      "ObjectType": "account",
                      "assignedsourceranks": Object {
                        "ObjectType": "assignedsourceranks",
                        "assignedsourcerank": Array [
                          Object {
                            "ObjectType": "assignedsourcerank",
                            "assignedsourcerank": 2,
                            "assignedsourcerankyear": 2005,
                            "breadcrumbs": "forecaster.accounts.account.2.assignedsourceranks.assignedsourcerank.0",
                          },
                        ],
                        "breadcrumbs": "forecaster.accounts.account.2.assignedsourceranks",
                      },
                      "beneficiaries": Object {
                        "ObjectType": "beneficiaries",
                        "beneficiary": Array [
                          Object {
                            "ObjectType": "beneficiary",
                            "allocationpriority": 0,
                            "beneficiaryamount": 0,
                            "beneficiaryname": "Joan's Brokerage",
                            "beneficiarypercent": -1,
                            "breadcrumbs": "forecaster.accounts.account.2.beneficiaries.beneficiary.0",
                            "description": "",
                            "ignorenow": false,
                            "objectidstamp": 38452.5666427315,
                            "parenttitle": "Beneficiaries",
                            "sweepbalance": false,
                          },
                        ],
                        "breadcrumbs": "forecaster.accounts.account.2.beneficiaries",
                      },
                      "breadcrumbs": "forecaster.accounts.account.2",
                      "costbasis": 0,
                      "decisionrulesassetclassname": "",
                      "description": "",
                      "initialjointowner": "",
                      "initialowner": "Harry Ayre",
                      "irrevocabletrust": false,
                      "jointtrustterminating": false,
                      "longtermcapitalgainpercentage": 0,
                      "marketsimulationassetclassname": "",
                      "midtermcapitalgainpercentage": 0,
                      "objectidstamp": 38451.5666427315,
                      "realizedgaindividendpercentage": -1,
                      "realizedgainlongtermpercentage": -1,
                      "realizedgainpercentage": -1,
                      "realizedgaintaxfreepercentage": -1,
                      "realizedgaintaxnormalpercentage": -1,
                      "shortfallpayoutrank": 1,
                      "specificfedtaxrateforthisaccount": -1,
                      "specificlongtermtaxrateforthisaccount": -1,
                      "specificroiforthisaccount": -1,
                      "specificsdforthisaccountroi": 0,
                      "specificstatetaxrateforthisaccount": -1,
                      "startingvalue": 32000,
                      "taxexemptfed": false,
                      "taxexemptstate": false,
                      "taxnormal": true,
                      "taxnormaldeferred": false,
                      "taxnormallongterm": false,
                      "taxnormallongtermrealizedgains": false,
                      "title": "Harry's Brokerage",
                      "totalbalanceisspentyearly": false,
                      "withdrawalsforplanpayoutareunrestricted": true,
                      "withdrawalsforplanpayoutasspecified": false,
                      "withdrawalsforplanpayoutnotallowed": false,
                    },
                    Object {
                      "ObjectType": "account",
                      "breadcrumbs": "forecaster.accounts.account.3",
                      "costbasis": 0,
                      "decisionrulesassetclassname": "",
                      "description": "",
                      "initialjointowner": "",
                      "initialowner": "Joan Ayre",
                      "irrevocabletrust": false,
                      "jointtrustterminating": false,
                      "longtermcapitalgainpercentage": -1,
                      "marketsimulationassetclassname": "",
                      "midtermcapitalgainpercentage": 0,
                      "objectidstamp": 38456.5666427315,
                      "realizedgaindividendpercentage": -1,
                      "realizedgainlongtermpercentage": -1,
                      "realizedgainpercentage": -1,
                      "realizedgaintaxfreepercentage": -1,
                      "realizedgaintaxnormalpercentage": -1,
                      "shortfallpayoutrank": 0,
                      "specificfedtaxrateforthisaccount": -1,
                      "specificlongtermtaxrateforthisaccount": -1,
                      "specificroiforthisaccount": 0,
                      "specificsdforthisaccountroi": 0,
                      "specificstatetaxrateforthisaccount": -1,
                      "startingvalue": 0,
                      "taxexemptfed": false,
                      "taxexemptstate": false,
                      "taxnormal": true,
                      "taxnormaldeferred": false,
                      "taxnormallongterm": false,
                      "taxnormallongtermrealizedgains": false,
                      "title": "Bobby College Payments",
                      "totalbalanceisspentyearly": true,
                      "withdrawalsforplanpayoutareunrestricted": false,
                      "withdrawalsforplanpayoutasspecified": false,
                      "withdrawalsforplanpayoutnotallowed": false,
                    },
                    Object {
                      "ObjectType": "account",
                      "breadcrumbs": "forecaster.accounts.account.4",
                      "costbasis": 0,
                      "decisionrulesassetclassname": "",
                      "description": "",
                      "initialjointowner": "",
                      "initialowner": "Joan Ayre",
                      "irrevocabletrust": false,
                      "jointtrustterminating": false,
                      "longtermcapitalgainpercentage": -1,
                      "marketsimulationassetclassname": "",
                      "midtermcapitalgainpercentage": 0,
                      "objectidstamp": 38458.5666427315,
                      "realizedgaindividendpercentage": -1,
                      "realizedgainlongtermpercentage": -1,
                      "realizedgainpercentage": -1,
                      "realizedgaintaxfreepercentage": -1,
                      "realizedgaintaxnormalpercentage": -1,
                      "shortfallpayoutrank": 0,
                      "specificfedtaxrateforthisaccount": -1,
                      "specificlongtermtaxrateforthisaccount": -1,
                      "specificroiforthisaccount": 0,
                      "specificsdforthisaccountroi": 0,
                      "specificstatetaxrateforthisaccount": -1,
                      "startingvalue": 0,
                      "taxexemptfed": false,
                      "taxexemptstate": false,
                      "taxnormal": true,
                      "taxnormaldeferred": false,
                      "taxnormallongterm": false,
                      "taxnormallongtermrealizedgains": false,
                      "title": "Billy College Payments",
                      "totalbalanceisspentyearly": true,
                      "withdrawalsforplanpayoutareunrestricted": false,
                      "withdrawalsforplanpayoutasspecified": false,
                      "withdrawalsforplanpayoutnotallowed": false,
                    },
                  ],
                  "breadcrumbs": "forecaster.accounts",
                },
                "annuities": Object {
                  "ObjectType": "annuities",
                  "breadcrumbs": "forecaster.annuities",
                },
                "breadcrumbs": "forecaster",
                "insurances": Object {
                  "ObjectType": "insurances",
                  "breadcrumbs": "forecaster.insurances",
                },
                "iras": Object {
                  "ObjectType": "iras",
                  "breadcrumbs": "forecaster.iras",
                  "ira": Array [
                    Object {
                      "ObjectType": "ira",
                      "assignedsourceranks": Object {
                        "ObjectType": "assignedsourceranks",
                        "assignedsourcerank": Array [
                          Object {
                            "ObjectType": "assignedsourcerank",
                            "assignedsourcerank": 5,
                            "assignedsourcerankyear": 2005,
                            "breadcrumbs": "forecaster.iras.ira.0.assignedsourceranks.assignedsourcerank.0",
                          },
                        ],
                        "breadcrumbs": "forecaster.iras.ira.0.assignedsourceranks",
                      },
                      "beneficiaries": Object {
                        "ObjectType": "beneficiaries",
                        "beneficiary": Array [
                          Object {
                            "ObjectType": "beneficiary",
                            "allocationpriority": 1,
                            "beneficiaryamount": 0,
                            "beneficiaryname": "Bobby Ayre",
                            "beneficiarypercent": 0.5,
                            "breadcrumbs": "forecaster.iras.ira.0.beneficiaries.beneficiary.0",
                            "description": "",
                            "ignorenow": false,
                            "objectidstamp": 38461.5666427315,
                            "parenttitle": "Beneficiaries",
                            "sweepbalance": false,
                          },
                          Object {
                            "ObjectType": "beneficiary",
                            "allocationpriority": 2,
                            "beneficiaryamount": 0,
                            "beneficiaryname": "Billy Ayre",
                            "beneficiarypercent": 0.5,
                            "breadcrumbs": "forecaster.iras.ira.0.beneficiaries.beneficiary.1",
                            "description": "",
                            "ignorenow": false,
                            "objectidstamp": 38462.5666427315,
                            "parenttitle": "Beneficiaries",
                            "sweepbalance": false,
                          },
                        ],
                        "breadcrumbs": "forecaster.iras.ira.0.beneficiaries",
                      },
                      "breadcrumbs": "forecaster.iras.ira.0",
                      "costbasis": 0,
                      "decisionrulesassetclassname": "",
                      "deposits": Object {
                        "ObjectType": "deposits",
                        "breadcrumbs": "forecaster.iras.ira.0.deposits",
                        "deposit": Array [
                          Object {
                            "ObjectType": "deposit",
                            "breadcrumbs": "forecaster.iras.ira.0.deposits.deposit.0",
                            "depositaddstocostbasis": false,
                            "depositamount": 4000,
                            "depositperiodyears": 3,
                            "depositstartyear": 2005,
                            "deposittoira": true,
                            "description": "A 4,000 maximum contribution is allowed for years 2005-2007.",
                            "ignorenow": false,
                            "indexrate": 0,
                            "instructioncycleyears": 0,
                            "objectidstamp": 38463.5666427315,
                            "parenttitle": "Deposits",
                            "showdescription": false,
                          },
                          Object {
                            "ObjectType": "deposit",
                            "breadcrumbs": "forecaster.iras.ira.0.deposits.deposit.1",
                            "depositaddstocostbasis": false,
                            "depositamount": 5000,
                            "depositperiodyears": 22,
                            "depositstartyear": 2008,
                            "deposittoira": true,
                            "description": "A 5,000 maximum contribution is allowed starting in 2008.",
                            "ignorenow": false,
                            "indexrate": 0,
                            "instructioncycleyears": 0,
                            "objectidstamp": 38661.3568044676,
                            "parenttitle": "Deposits",
                            "showdescription": false,
                          },
                        ],
                      },
                      "description": "",
                      "jointlifeexpectancywithbrotheroption": false,
                      "jointlifeexpectancywithchildoption": false,
                      "jointlifeexpectancywithspouseoption": false,
                      "marketsimulationassetclassname": "",
                      "normal401kplan": false,
                      "normal457plan": false,
                      "objectidstamp": 38460.5666427315,
                      "owner": "Joan Ayre",
                      "recalculationlifeexpectancycalculation": true,
                      "roth401kplan": false,
                      "rothira": false,
                      "shortfallpayoutrank": 6,
                      "singlelifeexpectancypayoutoption": true,
                      "specificfedtaxrateforthisaccount": -1,
                      "specificroiforthisaccount": -1,
                      "specificsdforthisaccountroi": 0,
                      "specificstartpayoutyear": 0,
                      "specificstatetaxrateforthisaccount": -1,
                      "startingvalue": 40000,
                      "termcertainlifeexpectancycalculation": false,
                      "title": "Joan's IRA",
                    },
                    Object {
                      "ObjectType": "ira",
                      "assignedsourceranks": Object {
                        "ObjectType": "assignedsourceranks",
                        "assignedsourcerank": Array [
                          Object {
                            "ObjectType": "assignedsourcerank",
                            "assignedsourcerank": 4,
                            "assignedsourcerankyear": 2005,
                            "breadcrumbs": "forecaster.iras.ira.1.assignedsourceranks.assignedsourcerank.0",
                          },
                        ],
                        "breadcrumbs": "forecaster.iras.ira.1.assignedsourceranks",
                      },
                      "beneficiaries": Object {
                        "ObjectType": "beneficiaries",
                        "beneficiary": Array [
                          Object {
                            "ObjectType": "beneficiary",
                            "allocationpriority": 0,
                            "beneficiaryamount": 0,
                            "beneficiaryname": "Joan's IRA",
                            "beneficiarypercent": 1,
                            "breadcrumbs": "forecaster.iras.ira.1.beneficiaries.beneficiary.0",
                            "description": "",
                            "ignorenow": false,
                            "objectidstamp": 38465.5666427315,
                            "parenttitle": "Beneficiaries",
                            "sweepbalance": false,
                          },
                        ],
                        "breadcrumbs": "forecaster.iras.ira.1.beneficiaries",
                      },
                      "breadcrumbs": "forecaster.iras.ira.1",
                      "costbasis": 0,
                      "decisionrulesassetclassname": "",
                      "deposits": Object {
                        "ObjectType": "deposits",
                        "breadcrumbs": "forecaster.iras.ira.1.deposits",
                        "deposit": Array [
                          Object {
                            "ObjectType": "deposit",
                            "breadcrumbs": "forecaster.iras.ira.1.deposits.deposit.0",
                            "depositaddstocostbasis": false,
                            "depositamount": 4000,
                            "depositperiodyears": 3,
                            "depositstartyear": 2005,
                            "deposittoira": true,
                            "description": "A 4,000 maximum contribution is allowed for years 2005-2007.",
                            "ignorenow": false,
                            "indexrate": 0,
                            "instructioncycleyears": 0,
                            "objectidstamp": 38466.5666427315,
                            "parenttitle": "Deposits",
                            "showdescription": false,
                          },
                          Object {
                            "ObjectType": "deposit",
                            "breadcrumbs": "forecaster.iras.ira.1.deposits.deposit.1",
                            "depositaddstocostbasis": false,
                            "depositamount": 5000,
                            "depositperiodyears": 17,
                            "depositstartyear": 2008,
                            "deposittoira": true,
                            "description": "A 5,000 maximum contribution is allowed starting in 2008.",
                            "ignorenow": false,
                            "indexrate": 0,
                            "instructioncycleyears": 0,
                            "objectidstamp": 38662.3568044676,
                            "parenttitle": "Deposits",
                            "showdescription": false,
                          },
                        ],
                      },
                      "description": "",
                      "jointlifeexpectancywithbrotheroption": false,
                      "jointlifeexpectancywithchildoption": false,
                      "jointlifeexpectancywithspouseoption": false,
                      "marketsimulationassetclassname": "",
                      "normal401kplan": false,
                      "normal457plan": false,
                      "objectidstamp": 38464.5666427315,
                      "owner": "Harry Ayre",
                      "recalculationlifeexpectancycalculation": true,
                      "roth401kplan": false,
                      "rothira": false,
                      "shortfallpayoutrank": 4,
                      "singlelifeexpectancypayoutoption": true,
                      "specificfedtaxrateforthisaccount": -1,
                      "specificroiforthisaccount": -1,
                      "specificsdforthisaccountroi": 0,
                      "specificstartpayoutyear": 0,
                      "specificstatetaxrateforthisaccount": -1,
                      "startingvalue": 70000,
                      "termcertainlifeexpectancycalculation": false,
                      "title": "Harry's IRA",
                    },
                    Object {
                      "ObjectType": "ira",
                      "assignedsourceranks": Object {
                        "ObjectType": "assignedsourceranks",
                        "assignedsourcerank": Array [
                          Object {
                            "ObjectType": "assignedsourcerank",
                            "assignedsourcerank": 6,
                            "assignedsourcerankyear": 2005,
                            "breadcrumbs": "forecaster.iras.ira.2.assignedsourceranks.assignedsourcerank.0",
                          },
                        ],
                        "breadcrumbs": "forecaster.iras.ira.2.assignedsourceranks",
                      },
                      "breadcrumbs": "forecaster.iras.ira.2",
                      "costbasis": 0,
                      "decisionrulesassetclassname": "",
                      "deposits": Object {
                        "ObjectType": "deposits",
                        "breadcrumbs": "forecaster.iras.ira.2.deposits",
                        "deposit": Array [
                          Object {
                            "ObjectType": "deposit",
                            "breadcrumbs": "forecaster.iras.ira.2.deposits.deposit.0",
                            "depositaddstocostbasis": false,
                            "depositamount": 4000,
                            "depositperiodyears": 25,
                            "depositstartyear": 2005,
                            "deposittoira": true,
                            "description": "Saving from earnings until retirement",
                            "ignorenow": false,
                            "indexrate": 0,
                            "instructioncycleyears": 0,
                            "objectidstamp": 38560.6834138079,
                            "parenttitle": "Deposits",
                            "showdescription": false,
                          },
                        ],
                      },
                      "description": "",
                      "jointlifeexpectancywithbrotheroption": false,
                      "jointlifeexpectancywithchildoption": false,
                      "jointlifeexpectancywithspouseoption": false,
                      "marketsimulationassetclassname": "",
                      "normal401kplan": false,
                      "normal457plan": false,
                      "objectidstamp": 38559.6834138079,
                      "owner": "Joan Ayre",
                      "recalculationlifeexpectancycalculation": true,
                      "roth401kplan": false,
                      "rothira": false,
                      "shortfallpayoutrank": 5,
                      "singlelifeexpectancypayoutoption": true,
                      "specificfedtaxrateforthisaccount": -1,
                      "specificroiforthisaccount": -1,
                      "specificsdforthisaccountroi": -1,
                      "specificstartpayoutyear": 0,
                      "specificstatetaxrateforthisaccount": -1,
                      "startingvalue": 54000,
                      "termcertainlifeexpectancycalculation": false,
                      "title": "Joan's 401K",
                      "transfers": Object {
                        "ObjectType": "transfers",
                        "breadcrumbs": "forecaster.iras.ira.2.transfers",
                        "transfer": Array [
                          Object {
                            "ObjectType": "transfer",
                            "allocationpriority": 0,
                            "breadcrumbs": "forecaster.iras.ira.2.transfers.transfer.0",
                            "description": "This is the rollover transfer to Joan's IRA when she retires",
                            "destinationtitle": "Joan's IRA",
                            "distributionfromira": true,
                            "distributionhasnopenaltytax": false,
                            "dotransferbeforeearningscalc": false,
                            "ignorenow": false,
                            "indexrate": 0,
                            "instructioncycleyears": 0,
                            "irataxfromirafundsoption": false,
                            "irataxfromothersourceoption": false,
                            "irataxfromselectedaccountoption": false,
                            "irataxsourcetitle": "",
                            "irataxspecifiedtaxrate": 0,
                            "objectidstamp": 38561.6834138079,
                            "parenttitle": "Transfers",
                            "showdescription": false,
                            "sweepbalance": false,
                            "transferdeliveryamount": 0,
                            "transferincomeonly": false,
                            "transferpercent": 1,
                            "transferperiodyears": 1,
                            "transferstartyear": 2030,
                            "transferwithdrawalamount": 0,
                          },
                        ],
                      },
                    },
                  ],
                },
                "meta": Object {
                  "ObjectType": "meta",
                  "applicationversion": "3.0.67",
                  "breadcrumbs": "forecaster.meta",
                  "deploymentversion": "3.0.67",
                  "examplefile": "True",
                  "userid": "FREEWARE-10",
                },
                "parameters": Object {
                  "ObjectType": "parameters",
                  "breadcrumbs": "forecaster.parameters",
                  "params": Array [
                    Object {
                      "ObjectType": "params",
                      "assignedsourcerankconversiondone": true,
                      "breadcrumbs": "forecaster.parameters.params.0",
                      "colasd": 0.01,
                      "costoflivingadjustment": 0.02,
                      "decisionrulescut": 0.1,
                      "decisionrulesexceeds": 0.2,
                      "decisionrulesfall": 0.1,
                      "decisionrulesinitialized": true,
                      "decisionrulesprofile": " Custom Profile",
                      "decisionrulesraise": 0.1,
                      "decisionrulessuccessrate": 0.99,
                      "description": "Bush tax relief acts are rescinded in the sunset years.",
                      "examplefile": true,
                      "filemadewiththisforecasterversion": "",
                      "filesavedwiththisforecasterversion": "3.0.67.0",
                      "freezingenabled": true,
                      "isspecifiedpayoutsequence": true,
                      "objectidstamp": "Parameters",
                      "pendingspecifiedpayoutsequence": true,
                      "plancalculationstartyear": 2005,
                      "planpayoutstartyear": 2025,
                      "planyearlybuyingpower": 120000,
                      "preservationenabled": true,
                      "prosperityenabled": true,
                      "prouserregistrationcode": "43929F2E0A1921CC",
                      "roisd": 0.02,
                      "saveddate": "3/3/2015 3:50:06 PM",
                      "seed": 0,
                      "seeduseiscorrect": true,
                      "surpluspayoutdestinationtitle": "Joan's Brokerage",
                      "taxact2001rescindedatsunsetyear": true,
                      "taxact2003rescindedatsunsetyear": true,
                      "title": "A family saves before retirement to pay college tuitions and allow comfortable retirement.",
                      "trials": 100,
                      "userid": "FREEWARE-10",
                      "userregistrationdate": "11/10/2013 12:39:10 PM",
                      "yourestimatedroi": 0.1,
                      "yourfederaltaxrate": 0.28,
                      "yourstateofresidence": "",
                      "yourstatetaxrate": -1,
                    },
                  ],
                },
                "pensions": Object {
                  "ObjectType": "pensions",
                  "breadcrumbs": "forecaster.pensions",
                  "pension": Array [
                    Object {
                      "ObjectType": "pension",
                      "breadcrumbs": "forecaster.pensions.pension.0",
                      "contingentannuitantlifeannuityamount": 0,
                      "contingentannuitantpayoutoption": false,
                      "contingentbeneficiarypercentage": 0,
                      "description": "",
                      "indexcontinues": false,
                      "indexrate": 0,
                      "objectidstamp": 38467.5666427315,
                      "otherincome": false,
                      "owner": "Joan Ayre",
                      "pensionstartyear": 2030,
                      "singlelifeannuityamount": 45000,
                      "singlelifeannuitypayoutoption": true,
                      "socialsecuritybenefit": false,
                      "specificfedtaxrateforthisaccount": -1,
                      "specificstatetaxrateforthisaccount": -1,
                      "termcertainamount": 0,
                      "termcertainpayoutoption": false,
                      "termcertainperiod": 0,
                      "title": "Joan's Pension",
                    },
                  ],
                },
                "persons": Object {
                  "ObjectType": "persons",
                  "breadcrumbs": "forecaster.persons",
                  "person": Array [
                    Object {
                      "ObjectType": "person",
                      "birthdate": "2/19/1965",
                      "breadcrumbs": "forecaster.persons.person.0",
                      "description": "Wife",
                      "expensesreductionrate": 0,
                      "isasourceofpayoutfunds": true,
                      "isaspouse": true,
                      "isdisabled": false,
                      "lifeexpectancy": 90,
                      "objectidstamp": 38441.5666427315,
                      "principalcount": 0,
                      "title": "Joan Ayre",
                    },
                    Object {
                      "ObjectType": "person",
                      "birthdate": "4/27/1960",
                      "breadcrumbs": "forecaster.persons.person.1",
                      "description": "Husband",
                      "expensesreductionrate": 0,
                      "isasourceofpayoutfunds": true,
                      "isaspouse": true,
                      "isdisabled": false,
                      "lifeexpectancy": 90,
                      "objectidstamp": 38442.5666427315,
                      "principalcount": 1,
                      "title": "Harry Ayre",
                    },
                    Object {
                      "ObjectType": "person",
                      "birthdate": "2/2/1992",
                      "breadcrumbs": "forecaster.persons.person.2",
                      "description": "Son",
                      "expensesreductionrate": 0,
                      "isasourceofpayoutfunds": false,
                      "isaspouse": false,
                      "isdisabled": false,
                      "lifeexpectancy": 94,
                      "objectidstamp": 38443.5666427315,
                      "principalcount": 2,
                      "title": "Bobby Ayre",
                    },
                    Object {
                      "ObjectType": "person",
                      "birthdate": "1/5/1994",
                      "breadcrumbs": "forecaster.persons.person.3",
                      "description": "Son",
                      "expensesreductionrate": 0,
                      "isasourceofpayoutfunds": false,
                      "isaspouse": false,
                      "isdisabled": false,
                      "lifeexpectancy": 94,
                      "objectidstamp": 38444.5666427315,
                      "principalcount": 2,
                      "title": "Billy Ayre",
                    },
                  ],
                },
              },
            },
            "selectedTreeNode": "",
          }
    }
    handleClick={[Function]}
    toolbarItems={
        Array [
            Object {
              "buttonLabel": "Edit",
              "iconName": "edit",
            },
            Object {
              "buttonLabel": "Delete",
              "iconName": "deleteitem",
            },
            Object {
              "buttonLabel": "Deposit",
              "iconName": "deposit",
            },
            Object {
              "buttonLabel": "Wthdrw",
              "iconName": "withdraw",
            },
            Object {
              "buttonLabel": "Xfer",
              "iconName": "transfer",
            },
            Object {
              "buttonLabel": "Cost",
              "iconName": "cost",
            },
            Object {
              "buttonLabel": "Bnfcry",
              "iconName": "beneficiary",
            },
            Object {
              "buttonLabel": "Parchg",
              "iconName": "parameterchange",
            },
          ]
    }
/>,
]
`;
